[0.034s] Invoking command in '/home/megha/terrain_robot_ws/build/terrain_aware_robot': CMAKE_PREFIX_PATH=${CMAKE_PREFIX_PATH}:/opt/ros/jazzy DEBUGINFOD_URLS=https://debuginfod.ubuntu.com /usr/bin/cmake --build /home/megha/terrain_robot_ws/build/terrain_aware_robot -- -j2 -l2
[0.141s] Invoked command in '/home/megha/terrain_robot_ws/build/terrain_aware_robot' returned '0': CMAKE_PREFIX_PATH=${CMAKE_PREFIX_PATH}:/opt/ros/jazzy DEBUGINFOD_URLS=https://debuginfod.ubuntu.com /usr/bin/cmake --build /home/megha/terrain_robot_ws/build/terrain_aware_robot -- -j2 -l2
[0.162s] Invoking command in '/home/megha/terrain_robot_ws/build/terrain_aware_robot': CMAKE_PREFIX_PATH=${CMAKE_PREFIX_PATH}:/opt/ros/jazzy DEBUGINFOD_URLS=https://debuginfod.ubuntu.com /usr/bin/cmake --install /home/megha/terrain_robot_ws/build/terrain_aware_robot
[0.177s] -- Install configuration: ""
[0.178s] -- Execute custom install script
[0.178s] -- Up-to-date symlink: /home/megha/terrain_robot_ws/install/terrain_aware_robot/share/terrain_aware_robot//urdf/robot.urdf.xacro
[0.179s] -- Up-to-date symlink: /home/megha/terrain_robot_ws/install/terrain_aware_robot/share/terrain_aware_robot//launch/terrain_robot_launch.py
[0.179s] -- Up-to-date symlink: /home/megha/terrain_robot_ws/install/terrain_aware_robot/share/terrain_aware_robot//worlds/terrain_world.sdf
[0.179s] -- Up-to-date symlink: /home/megha/terrain_robot_ws/install/terrain_aware_robot/lib/terrain_aware_robot/terrain_detector.py
[0.180s] -- Up-to-date symlink: /home/megha/terrain_robot_ws/install/terrain_aware_robot/share/ament_index/resource_index/package_run_dependencies/terrain_aware_robot
[0.181s] -- Up-to-date symlink: /home/megha/terrain_robot_ws/install/terrain_aware_robot/share/ament_index/resource_index/parent_prefix_path/terrain_aware_robot
[0.181s] -- Up-to-date symlink: /home/megha/terrain_robot_ws/install/terrain_aware_robot/share/terrain_aware_robot/environment/ament_prefix_path.sh
[0.181s] -- Up-to-date symlink: /home/megha/terrain_robot_ws/install/terrain_aware_robot/share/terrain_aware_robot/environment/ament_prefix_path.dsv
[0.181s] -- Up-to-date symlink: /home/megha/terrain_robot_ws/install/terrain_aware_robot/share/terrain_aware_robot/environment/path.sh
[0.181s] -- Up-to-date symlink: /home/megha/terrain_robot_ws/install/terrain_aware_robot/share/terrain_aware_robot/environment/path.dsv
[0.181s] -- Up-to-date symlink: /home/megha/terrain_robot_ws/install/terrain_aware_robot/share/terrain_aware_robot/local_setup.bash
[0.184s] -- Up-to-date symlink: /home/megha/terrain_robot_ws/install/terrain_aware_robot/share/terrain_aware_robot/local_setup.sh
[0.184s] -- Up-to-date symlink: /home/megha/terrain_robot_ws/install/terrain_aware_robot/share/terrain_aware_robot/local_setup.zsh
[0.184s] -- Up-to-date symlink: /home/megha/terrain_robot_ws/install/terrain_aware_robot/share/terrain_aware_robot/local_setup.dsv
[0.184s] -- Symlinking: /home/megha/terrain_robot_ws/install/terrain_aware_robot/share/terrain_aware_robot/package.dsv
[0.205s] -- Up-to-date symlink: /home/megha/terrain_robot_ws/install/terrain_aware_robot/share/ament_index/resource_index/packages/terrain_aware_robot
[0.207s] -- Up-to-date symlink: /home/megha/terrain_robot_ws/install/terrain_aware_robot/share/terrain_aware_robot/cmake/terrain_aware_robotConfig.cmake
[0.207s] -- Up-to-date symlink: /home/megha/terrain_robot_ws/install/terrain_aware_robot/share/terrain_aware_robot/cmake/terrain_aware_robotConfig-version.cmake
[0.207s] -- Up-to-date symlink: /home/megha/terrain_robot_ws/install/terrain_aware_robot/share/terrain_aware_robot/package.xml
[0.211s] Invoked command in '/home/megha/terrain_robot_ws/build/terrain_aware_robot' returned '0': CMAKE_PREFIX_PATH=${CMAKE_PREFIX_PATH}:/opt/ros/jazzy DEBUGINFOD_URLS=https://debuginfod.ubuntu.com /usr/bin/cmake --install /home/megha/terrain_robot_ws/build/terrain_aware_robot
