[0.508s] DEBUG:colcon:Command line arguments: ['/usr/bin/colcon', 'build', '--symlink-install']
[0.510s] DEBUG:colcon:Parsed command line arguments: Namespace(log_base=None, log_level=None, verb_name='build', build_base='build', install_base='install', merge_install=False, symlink_install=True, test_result_base=None, continue_on_error=False, executor='parallel', parallel_workers=2, event_handlers=None, ignore_user_meta=False, metas=['./colcon.meta'], base_paths=['.'], packages_ignore=None, packages_ignore_regex=None, paths=None, packages_up_to=None, packages_up_to_regex=None, packages_above=None, packages_above_and_dependencies=None, packages_above_depth=None, packages_select_by_dep=None, packages_skip_by_dep=None, packages_skip_up_to=None, packages_select_build_failed=False, packages_skip_build_finished=False, packages_select_test_failures=False, packages_skip_test_passed=False, packages_select=None, packages_skip=None, packages_select_regex=None, packages_skip_regex=None, packages_start=None, packages_end=None, allow_overriding=[], cmake_args=None, cmake_target=None, cmake_target_skip_unavailable=False, cmake_clean_cache=False, cmake_clean_first=False, cmake_force_configure=False, ament_cmake_args=None, catkin_cmake_args=None, catkin_skip_building_tests=False, mixin_files=None, mixin=None, verb_parser=<colcon_mixin.mixin.mixin_argument.MixinArgumentDecorator object at 0x70958cba04a0>, verb_extension=<colcon_core.verb.build.BuildVerb object at 0x70958ccc4560>, main=<bound method BuildVerb.main of <colcon_core.verb.build.BuildVerb object at 0x70958ccc4560>>, mixin_verb=('build',))
[0.679s] Level 1:colcon.colcon_core.package_discovery:discover_packages(colcon_meta) check parameters
[0.682s] Level 1:colcon.colcon_core.package_discovery:discover_packages(recursive) check parameters
[0.687s] Level 1:colcon.colcon_core.package_discovery:discover_packages(ignore) check parameters
[0.688s] Level 1:colcon.colcon_core.package_discovery:discover_packages(path) check parameters
[0.688s] Level 1:colcon.colcon_core.package_discovery:discover_packages(colcon_meta) discover
[0.689s] Level 1:colcon.colcon_core.package_discovery:discover_packages(recursive) discover
[0.689s] INFO:colcon.colcon_core.package_discovery:Crawling recursively for packages in '/home/megha/terrain_robot_ws'
[0.689s] Level 1:colcon.colcon_core.package_identification:_identify(.) by extensions ['ignore', 'ignore_ament_install']
[0.690s] Level 1:colcon.colcon_core.package_identification:_identify(.) by extension 'ignore'
[0.690s] Level 1:colcon.colcon_core.package_identification:_identify(.) by extension 'ignore_ament_install'
[0.690s] Level 1:colcon.colcon_core.package_identification:_identify(.) by extensions ['colcon_pkg']
[0.690s] Level 1:colcon.colcon_core.package_identification:_identify(.) by extension 'colcon_pkg'
[0.690s] Level 1:colcon.colcon_core.package_identification:_identify(.) by extensions ['colcon_meta']
[0.690s] Level 1:colcon.colcon_core.package_identification:_identify(.) by extension 'colcon_meta'
[0.691s] Level 1:colcon.colcon_core.package_identification:_identify(.) by extensions ['ros']
[0.691s] Level 1:colcon.colcon_core.package_identification:_identify(.) by extension 'ros'
[0.786s] Level 1:colcon.colcon_core.package_identification:_identify(.) by extensions ['cmake', 'python']
[0.788s] Level 1:colcon.colcon_core.package_identification:_identify(.) by extension 'cmake'
[0.788s] Level 1:colcon.colcon_core.package_identification:_identify(.) by extension 'python'
[0.788s] Level 1:colcon.colcon_core.package_identification:_identify(.) by extensions ['python_setup_py']
[0.788s] Level 1:colcon.colcon_core.package_identification:_identify(.) by extension 'python_setup_py'
[0.800s] Level 1:colcon.colcon_core.package_identification:_identify(build) by extensions ['ignore', 'ignore_ament_install']
[0.803s] Level 1:colcon.colcon_core.package_identification:_identify(build) by extension 'ignore'
[0.803s] Level 1:colcon.colcon_core.package_identification:_identify(build) ignored
[0.803s] Level 1:colcon.colcon_core.package_identification:_identify(install) by extensions ['ignore', 'ignore_ament_install']
[0.803s] Level 1:colcon.colcon_core.package_identification:_identify(install) by extension 'ignore'
[0.803s] Level 1:colcon.colcon_core.package_identification:_identify(install) ignored
[0.804s] Level 1:colcon.colcon_core.package_identification:_identify(log) by extensions ['ignore', 'ignore_ament_install']
[0.804s] Level 1:colcon.colcon_core.package_identification:_identify(log) by extension 'ignore'
[0.804s] Level 1:colcon.colcon_core.package_identification:_identify(log) ignored
[0.804s] Level 1:colcon.colcon_core.package_identification:_identify(src) by extensions ['ignore', 'ignore_ament_install']
[0.804s] Level 1:colcon.colcon_core.package_identification:_identify(src) by extension 'ignore'
[0.804s] Level 1:colcon.colcon_core.package_identification:_identify(src) by extension 'ignore_ament_install'
[0.805s] Level 1:colcon.colcon_core.package_identification:_identify(src) by extensions ['colcon_pkg']
[0.805s] Level 1:colcon.colcon_core.package_identification:_identify(src) by extension 'colcon_pkg'
[0.805s] Level 1:colcon.colcon_core.package_identification:_identify(src) by extensions ['colcon_meta']
[0.805s] Level 1:colcon.colcon_core.package_identification:_identify(src) by extension 'colcon_meta'
[0.805s] Level 1:colcon.colcon_core.package_identification:_identify(src) by extensions ['ros']
[0.805s] Level 1:colcon.colcon_core.package_identification:_identify(src) by extension 'ros'
[0.805s] Level 1:colcon.colcon_core.package_identification:_identify(src) by extensions ['cmake', 'python']
[0.805s] Level 1:colcon.colcon_core.package_identification:_identify(src) by extension 'cmake'
[0.805s] Level 1:colcon.colcon_core.package_identification:_identify(src) by extension 'python'
[0.805s] Level 1:colcon.colcon_core.package_identification:_identify(src) by extensions ['python_setup_py']
[0.805s] Level 1:colcon.colcon_core.package_identification:_identify(src) by extension 'python_setup_py'
[0.805s] Level 1:colcon.colcon_core.package_identification:_identify(src/launch) by extensions ['ignore', 'ignore_ament_install']
[0.806s] Level 1:colcon.colcon_core.package_identification:_identify(src/launch) by extension 'ignore'
[0.806s] Level 1:colcon.colcon_core.package_identification:_identify(src/launch) by extension 'ignore_ament_install'
[0.806s] Level 1:colcon.colcon_core.package_identification:_identify(src/launch) by extensions ['colcon_pkg']
[0.806s] Level 1:colcon.colcon_core.package_identification:_identify(src/launch) by extension 'colcon_pkg'
[0.806s] Level 1:colcon.colcon_core.package_identification:_identify(src/launch) by extensions ['colcon_meta']
[0.806s] Level 1:colcon.colcon_core.package_identification:_identify(src/launch) by extension 'colcon_meta'
[0.806s] Level 1:colcon.colcon_core.package_identification:_identify(src/launch) by extensions ['ros']
[0.806s] Level 1:colcon.colcon_core.package_identification:_identify(src/launch) by extension 'ros'
[0.806s] Level 1:colcon.colcon_core.package_identification:_identify(src/launch) by extensions ['cmake', 'python']
[0.806s] Level 1:colcon.colcon_core.package_identification:_identify(src/launch) by extension 'cmake'
[0.806s] Level 1:colcon.colcon_core.package_identification:_identify(src/launch) by extension 'python'
[0.807s] Level 1:colcon.colcon_core.package_identification:_identify(src/launch) by extensions ['python_setup_py']
[0.807s] Level 1:colcon.colcon_core.package_identification:_identify(src/launch) by extension 'python_setup_py'
[0.807s] Level 1:colcon.colcon_core.package_identification:_identify(src/scripts) by extensions ['ignore', 'ignore_ament_install']
[0.807s] Level 1:colcon.colcon_core.package_identification:_identify(src/scripts) by extension 'ignore'
[0.807s] Level 1:colcon.colcon_core.package_identification:_identify(src/scripts) by extension 'ignore_ament_install'
[0.807s] Level 1:colcon.colcon_core.package_identification:_identify(src/scripts) by extensions ['colcon_pkg']
[0.807s] Level 1:colcon.colcon_core.package_identification:_identify(src/scripts) by extension 'colcon_pkg'
[0.807s] Level 1:colcon.colcon_core.package_identification:_identify(src/scripts) by extensions ['colcon_meta']
[0.807s] Level 1:colcon.colcon_core.package_identification:_identify(src/scripts) by extension 'colcon_meta'
[0.807s] Level 1:colcon.colcon_core.package_identification:_identify(src/scripts) by extensions ['ros']
[0.807s] Level 1:colcon.colcon_core.package_identification:_identify(src/scripts) by extension 'ros'
[0.808s] Level 1:colcon.colcon_core.package_identification:_identify(src/scripts) by extensions ['cmake', 'python']
[0.808s] Level 1:colcon.colcon_core.package_identification:_identify(src/scripts) by extension 'cmake'
[0.808s] Level 1:colcon.colcon_core.package_identification:_identify(src/scripts) by extension 'python'
[0.808s] Level 1:colcon.colcon_core.package_identification:_identify(src/scripts) by extensions ['python_setup_py']
[0.808s] Level 1:colcon.colcon_core.package_identification:_identify(src/scripts) by extension 'python_setup_py'
[0.808s] Level 1:colcon.colcon_core.package_identification:_identify(src/terrain_aware_robot) by extensions ['ignore', 'ignore_ament_install']
[0.808s] Level 1:colcon.colcon_core.package_identification:_identify(src/terrain_aware_robot) by extension 'ignore'
[0.808s] Level 1:colcon.colcon_core.package_identification:_identify(src/terrain_aware_robot) by extension 'ignore_ament_install'
[0.808s] Level 1:colcon.colcon_core.package_identification:_identify(src/terrain_aware_robot) by extensions ['colcon_pkg']
[0.808s] Level 1:colcon.colcon_core.package_identification:_identify(src/terrain_aware_robot) by extension 'colcon_pkg'
[0.808s] Level 1:colcon.colcon_core.package_identification:_identify(src/terrain_aware_robot) by extensions ['colcon_meta']
[0.809s] Level 1:colcon.colcon_core.package_identification:_identify(src/terrain_aware_robot) by extension 'colcon_meta'
[0.809s] Level 1:colcon.colcon_core.package_identification:_identify(src/terrain_aware_robot) by extensions ['ros']
[0.809s] Level 1:colcon.colcon_core.package_identification:_identify(src/terrain_aware_robot) by extension 'ros'
[0.813s] DEBUG:colcon.colcon_core.package_identification:Package 'src/terrain_aware_robot' with type 'ros.ament_cmake' and name 'terrain_aware_robot'
[0.813s] Level 1:colcon.colcon_core.package_identification:_identify(src/urdf) by extensions ['ignore', 'ignore_ament_install']
[0.813s] Level 1:colcon.colcon_core.package_identification:_identify(src/urdf) by extension 'ignore'
[0.814s] Level 1:colcon.colcon_core.package_identification:_identify(src/urdf) by extension 'ignore_ament_install'
[0.814s] Level 1:colcon.colcon_core.package_identification:_identify(src/urdf) by extensions ['colcon_pkg']
[0.814s] Level 1:colcon.colcon_core.package_identification:_identify(src/urdf) by extension 'colcon_pkg'
[0.814s] Level 1:colcon.colcon_core.package_identification:_identify(src/urdf) by extensions ['colcon_meta']
[0.814s] Level 1:colcon.colcon_core.package_identification:_identify(src/urdf) by extension 'colcon_meta'
[0.815s] Level 1:colcon.colcon_core.package_identification:_identify(src/urdf) by extensions ['ros']
[0.815s] Level 1:colcon.colcon_core.package_identification:_identify(src/urdf) by extension 'ros'
[0.815s] Level 1:colcon.colcon_core.package_identification:_identify(src/urdf) by extensions ['cmake', 'python']
[0.815s] Level 1:colcon.colcon_core.package_identification:_identify(src/urdf) by extension 'cmake'
[0.815s] Level 1:colcon.colcon_core.package_identification:_identify(src/urdf) by extension 'python'
[0.815s] Level 1:colcon.colcon_core.package_identification:_identify(src/urdf) by extensions ['python_setup_py']
[0.815s] Level 1:colcon.colcon_core.package_identification:_identify(src/urdf) by extension 'python_setup_py'
[0.815s] Level 1:colcon.colcon_core.package_identification:_identify(src/worlds) by extensions ['ignore', 'ignore_ament_install']
[0.815s] Level 1:colcon.colcon_core.package_identification:_identify(src/worlds) by extension 'ignore'
[0.815s] Level 1:colcon.colcon_core.package_identification:_identify(src/worlds) by extension 'ignore_ament_install'
[0.816s] Level 1:colcon.colcon_core.package_identification:_identify(src/worlds) by extensions ['colcon_pkg']
[0.816s] Level 1:colcon.colcon_core.package_identification:_identify(src/worlds) by extension 'colcon_pkg'
[0.816s] Level 1:colcon.colcon_core.package_identification:_identify(src/worlds) by extensions ['colcon_meta']
[0.816s] Level 1:colcon.colcon_core.package_identification:_identify(src/worlds) by extension 'colcon_meta'
[0.816s] Level 1:colcon.colcon_core.package_identification:_identify(src/worlds) by extensions ['ros']
[0.816s] Level 1:colcon.colcon_core.package_identification:_identify(src/worlds) by extension 'ros'
[0.816s] Level 1:colcon.colcon_core.package_identification:_identify(src/worlds) by extensions ['cmake', 'python']
[0.816s] Level 1:colcon.colcon_core.package_identification:_identify(src/worlds) by extension 'cmake'
[0.816s] Level 1:colcon.colcon_core.package_identification:_identify(src/worlds) by extension 'python'
[0.816s] Level 1:colcon.colcon_core.package_identification:_identify(src/worlds) by extensions ['python_setup_py']
[0.816s] Level 1:colcon.colcon_core.package_identification:_identify(src/worlds) by extension 'python_setup_py'
[0.816s] Level 1:colcon.colcon_core.package_discovery:discover_packages(recursive) using defaults
[0.817s] Level 1:colcon.colcon_core.package_discovery:discover_packages(ignore) discover
[0.817s] Level 1:colcon.colcon_core.package_discovery:discover_packages(ignore) using defaults
[0.817s] Level 1:colcon.colcon_core.package_discovery:discover_packages(path) discover
[0.817s] Level 1:colcon.colcon_core.package_discovery:discover_packages(path) using defaults
[0.900s] Level 1:colcon.colcon_core.package_discovery:discover_packages(prefix_path) check parameters
[0.901s] Level 1:colcon.colcon_core.package_discovery:discover_packages(prefix_path) discover
[0.907s] DEBUG:colcon.colcon_installed_package_information.package_discovery:Found 1 installed packages in /home/megha/terrain_robot_ws/install
[0.913s] DEBUG:colcon.colcon_installed_package_information.package_discovery:Found 364 installed packages in /opt/ros/jazzy
[0.922s] Level 1:colcon.colcon_core.package_discovery:discover_packages(prefix_path) using defaults
[1.175s] Level 5:colcon.colcon_core.verb:set package 'terrain_aware_robot' build argument 'cmake_args' from command line to 'None'
[1.179s] Level 5:colcon.colcon_core.verb:set package 'terrain_aware_robot' build argument 'cmake_target' from command line to 'None'
[1.183s] Level 5:colcon.colcon_core.verb:set package 'terrain_aware_robot' build argument 'cmake_target_skip_unavailable' from command line to 'False'
[1.185s] Level 5:colcon.colcon_core.verb:set package 'terrain_aware_robot' build argument 'cmake_clean_cache' from command line to 'False'
[1.187s] Level 5:colcon.colcon_core.verb:set package 'terrain_aware_robot' build argument 'cmake_clean_first' from command line to 'False'
[1.188s] Level 5:colcon.colcon_core.verb:set package 'terrain_aware_robot' build argument 'cmake_force_configure' from command line to 'False'
[1.188s] Level 5:colcon.colcon_core.verb:set package 'terrain_aware_robot' build argument 'ament_cmake_args' from command line to 'None'
[1.188s] Level 5:colcon.colcon_core.verb:set package 'terrain_aware_robot' build argument 'catkin_cmake_args' from command line to 'None'
[1.188s] Level 5:colcon.colcon_core.verb:set package 'terrain_aware_robot' build argument 'catkin_skip_building_tests' from command line to 'False'
[1.188s] DEBUG:colcon.colcon_core.verb:Building package 'terrain_aware_robot' with the following arguments: {'ament_cmake_args': None, 'build_base': '/home/megha/terrain_robot_ws/build/terrain_aware_robot', 'catkin_cmake_args': None, 'catkin_skip_building_tests': False, 'cmake_args': None, 'cmake_clean_cache': False, 'cmake_clean_first': False, 'cmake_force_configure': False, 'cmake_target': None, 'cmake_target_skip_unavailable': False, 'install_base': '/home/megha/terrain_robot_ws/install/terrain_aware_robot', 'merge_install': False, 'path': '/home/megha/terrain_robot_ws/src/terrain_aware_robot', 'symlink_install': True, 'test_result_base': None}
[1.207s] INFO:colcon.colcon_core.executor:Executing jobs using 'parallel' executor
[1.221s] DEBUG:colcon.colcon_parallel_executor.executor.parallel:run_until_complete
[1.231s] INFO:colcon.colcon_ros.task.ament_cmake.build:Building ROS package in '/home/megha/terrain_robot_ws/src/terrain_aware_robot' with build type 'ament_cmake'
[1.252s] INFO:colcon.colcon_cmake.task.cmake.build:Building CMake package in '/home/megha/terrain_robot_ws/src/terrain_aware_robot'
[1.266s] INFO:colcon.colcon_core.plugin_system:Skipping extension 'colcon_core.shell.bat': Not used on non-Windows systems
[1.271s] INFO:colcon.colcon_core.shell:Skip shell extension 'powershell' for command environment: Not usable outside of PowerShell
[1.285s] DEBUG:colcon.colcon_core.shell:Skip shell extension 'dsv' for command environment
[1.422s] DEBUG:colcon.colcon_core.event_handler.log_command:Invoking command in '/home/megha/terrain_robot_ws/build/terrain_aware_robot': CMAKE_PREFIX_PATH=${CMAKE_PREFIX_PATH}:/opt/ros/jazzy DEBUGINFOD_URLS=https://debuginfod.ubuntu.com /usr/bin/cmake /home/megha/terrain_robot_ws/src/terrain_aware_robot -DAMENT_CMAKE_SYMLINK_INSTALL=1 -DCMAKE_INSTALL_PREFIX=/home/megha/terrain_robot_ws/install/terrain_aware_robot
[3.626s] DEBUG:colcon.colcon_core.event_handler.log_command:Invoked command in '/home/megha/terrain_robot_ws/build/terrain_aware_robot' returned '0': CMAKE_PREFIX_PATH=${CMAKE_PREFIX_PATH}:/opt/ros/jazzy DEBUGINFOD_URLS=https://debuginfod.ubuntu.com /usr/bin/cmake /home/megha/terrain_robot_ws/src/terrain_aware_robot -DAMENT_CMAKE_SYMLINK_INSTALL=1 -DCMAKE_INSTALL_PREFIX=/home/megha/terrain_robot_ws/install/terrain_aware_robot
[3.633s] DEBUG:colcon.colcon_core.event_handler.log_command:Invoking command in '/home/megha/terrain_robot_ws/build/terrain_aware_robot': CMAKE_PREFIX_PATH=${CMAKE_PREFIX_PATH}:/opt/ros/jazzy DEBUGINFOD_URLS=https://debuginfod.ubuntu.com /usr/bin/cmake --build /home/megha/terrain_robot_ws/build/terrain_aware_robot -- -j2 -l2
[4.216s] DEBUG:colcon.colcon_core.event_handler.log_command:Invoked command in '/home/megha/terrain_robot_ws/build/terrain_aware_robot' returned '0': CMAKE_PREFIX_PATH=${CMAKE_PREFIX_PATH}:/opt/ros/jazzy DEBUGINFOD_URLS=https://debuginfod.ubuntu.com /usr/bin/cmake --build /home/megha/terrain_robot_ws/build/terrain_aware_robot -- -j2 -l2
[4.304s] DEBUG:colcon.colcon_core.event_handler.log_command:Invoking command in '/home/megha/terrain_robot_ws/build/terrain_aware_robot': CMAKE_PREFIX_PATH=${CMAKE_PREFIX_PATH}:/opt/ros/jazzy DEBUGINFOD_URLS=https://debuginfod.ubuntu.com /usr/bin/cmake --install /home/megha/terrain_robot_ws/build/terrain_aware_robot
[5.757s] Level 1:colcon.colcon_core.environment:create_environment_scripts_only(terrain_aware_robot)
[5.761s] Level 1:colcon.colcon_core.environment:checking '/home/megha/terrain_robot_ws/install/terrain_aware_robot' for CMake module files
[5.762s] Level 1:colcon.colcon_core.environment:checking '/home/megha/terrain_robot_ws/install/terrain_aware_robot' for CMake config files
[5.764s] Level 1:colcon.colcon_core.shell:create_environment_hook('terrain_aware_robot', 'cmake_prefix_path')
[5.765s] INFO:colcon.colcon_core.shell:Creating environment hook '/home/megha/terrain_robot_ws/install/terrain_aware_robot/share/terrain_aware_robot/hook/cmake_prefix_path.ps1'
[5.767s] INFO:colcon.colcon_core.shell:Creating environment descriptor '/home/megha/terrain_robot_ws/install/terrain_aware_robot/share/terrain_aware_robot/hook/cmake_prefix_path.dsv'
[5.774s] INFO:colcon.colcon_core.shell:Creating environment hook '/home/megha/terrain_robot_ws/install/terrain_aware_robot/share/terrain_aware_robot/hook/cmake_prefix_path.sh'
[5.780s] DEBUG:colcon.colcon_core.event_handler.log_command:Invoked command in '/home/megha/terrain_robot_ws/build/terrain_aware_robot' returned '0': CMAKE_PREFIX_PATH=${CMAKE_PREFIX_PATH}:/opt/ros/jazzy DEBUGINFOD_URLS=https://debuginfod.ubuntu.com /usr/bin/cmake --install /home/megha/terrain_robot_ws/build/terrain_aware_robot
[5.788s] Level 1:colcon.colcon_core.environment:checking '/home/megha/terrain_robot_ws/install/terrain_aware_robot/lib'
[5.796s] Level 1:colcon.colcon_core.environment:checking '/home/megha/terrain_robot_ws/install/terrain_aware_robot/bin'
[5.807s] Level 1:colcon.colcon_core.environment:checking '/home/megha/terrain_robot_ws/install/terrain_aware_robot/lib/pkgconfig/terrain_aware_robot.pc'
[5.808s] Level 1:colcon.colcon_core.environment:checking '/home/megha/terrain_robot_ws/install/terrain_aware_robot/lib/python3.12/site-packages'
[5.809s] Level 1:colcon.colcon_core.environment:checking '/home/megha/terrain_robot_ws/install/terrain_aware_robot/bin'
[5.809s] INFO:colcon.colcon_core.shell:Creating package script '/home/megha/terrain_robot_ws/install/terrain_aware_robot/share/terrain_aware_robot/package.ps1'
[5.811s] INFO:colcon.colcon_core.shell:Creating package descriptor '/home/megha/terrain_robot_ws/install/terrain_aware_robot/share/terrain_aware_robot/package.dsv'
[5.838s] INFO:colcon.colcon_core.shell:Creating package script '/home/megha/terrain_robot_ws/install/terrain_aware_robot/share/terrain_aware_robot/package.sh'
[5.844s] INFO:colcon.colcon_core.shell:Creating package script '/home/megha/terrain_robot_ws/install/terrain_aware_robot/share/terrain_aware_robot/package.bash'
[5.848s] INFO:colcon.colcon_core.shell:Creating package script '/home/megha/terrain_robot_ws/install/terrain_aware_robot/share/terrain_aware_robot/package.zsh'
[5.850s] Level 1:colcon.colcon_core.environment:create_file_with_runtime_dependencies(/home/megha/terrain_robot_ws/install/terrain_aware_robot/share/colcon-core/packages/terrain_aware_robot)
[5.854s] Level 1:colcon.colcon_core.environment:create_environment_scripts_only(terrain_aware_robot)
[5.856s] Level 1:colcon.colcon_core.environment:checking '/home/megha/terrain_robot_ws/install/terrain_aware_robot' for CMake module files
[5.862s] Level 1:colcon.colcon_core.environment:checking '/home/megha/terrain_robot_ws/install/terrain_aware_robot' for CMake config files
[5.863s] Level 1:colcon.colcon_core.shell:create_environment_hook('terrain_aware_robot', 'cmake_prefix_path')
[5.864s] INFO:colcon.colcon_core.shell:Creating environment hook '/home/megha/terrain_robot_ws/install/terrain_aware_robot/share/terrain_aware_robot/hook/cmake_prefix_path.ps1'
[5.865s] INFO:colcon.colcon_core.shell:Creating environment descriptor '/home/megha/terrain_robot_ws/install/terrain_aware_robot/share/terrain_aware_robot/hook/cmake_prefix_path.dsv'
[5.867s] INFO:colcon.colcon_core.shell:Creating environment hook '/home/megha/terrain_robot_ws/install/terrain_aware_robot/share/terrain_aware_robot/hook/cmake_prefix_path.sh'
[5.871s] Level 1:colcon.colcon_core.environment:checking '/home/megha/terrain_robot_ws/install/terrain_aware_robot/lib'
[5.871s] Level 1:colcon.colcon_core.environment:checking '/home/megha/terrain_robot_ws/install/terrain_aware_robot/bin'
[5.872s] Level 1:colcon.colcon_core.environment:checking '/home/megha/terrain_robot_ws/install/terrain_aware_robot/lib/pkgconfig/terrain_aware_robot.pc'
[5.874s] Level 1:colcon.colcon_core.environment:checking '/home/megha/terrain_robot_ws/install/terrain_aware_robot/lib/python3.12/site-packages'
[5.877s] Level 1:colcon.colcon_core.environment:checking '/home/megha/terrain_robot_ws/install/terrain_aware_robot/bin'
[5.881s] INFO:colcon.colcon_core.shell:Creating package script '/home/megha/terrain_robot_ws/install/terrain_aware_robot/share/terrain_aware_robot/package.ps1'
[5.916s] INFO:colcon.colcon_core.shell:Creating package descriptor '/home/megha/terrain_robot_ws/install/terrain_aware_robot/share/terrain_aware_robot/package.dsv'
[5.936s] INFO:colcon.colcon_core.shell:Creating package script '/home/megha/terrain_robot_ws/install/terrain_aware_robot/share/terrain_aware_robot/package.sh'
[5.941s] INFO:colcon.colcon_core.shell:Creating package script '/home/megha/terrain_robot_ws/install/terrain_aware_robot/share/terrain_aware_robot/package.bash'
[5.942s] INFO:colcon.colcon_core.shell:Creating package script '/home/megha/terrain_robot_ws/install/terrain_aware_robot/share/terrain_aware_robot/package.zsh'
[5.952s] Level 1:colcon.colcon_core.environment:create_file_with_runtime_dependencies(/home/megha/terrain_robot_ws/install/terrain_aware_robot/share/colcon-core/packages/terrain_aware_robot)
[5.961s] DEBUG:colcon.colcon_parallel_executor.executor.parallel:closing loop
[5.965s] DEBUG:colcon.colcon_parallel_executor.executor.parallel:loop closed
[5.965s] DEBUG:colcon.colcon_parallel_executor.executor.parallel:run_until_complete finished with '0'
[5.965s] DEBUG:colcon.colcon_core.event_reactor:joining thread
[6.039s] INFO:colcon.colcon_core.plugin_system:Skipping extension 'colcon_notification.desktop_notification.terminal_notifier': Not used on non-Darwin systems
[6.067s] INFO:colcon.colcon_core.plugin_system:Skipping extension 'colcon_notification.desktop_notification.win32': Not used on non-Windows systems
[6.072s] INFO:colcon.colcon_notification.desktop_notification:Sending desktop notification using 'notify2'
[6.197s] DEBUG:colcon.colcon_core.event_reactor:joined thread
[6.199s] INFO:colcon.colcon_core.shell:Creating prefix script '/home/megha/terrain_robot_ws/install/local_setup.ps1'
[6.205s] INFO:colcon.colcon_core.shell:Creating prefix util module '/home/megha/terrain_robot_ws/install/_local_setup_util_ps1.py'
[6.210s] INFO:colcon.colcon_core.shell:Creating prefix chain script '/home/megha/terrain_robot_ws/install/setup.ps1'
[6.219s] INFO:colcon.colcon_core.shell:Creating prefix script '/home/megha/terrain_robot_ws/install/local_setup.sh'
[6.221s] INFO:colcon.colcon_core.shell:Creating prefix util module '/home/megha/terrain_robot_ws/install/_local_setup_util_sh.py'
[6.224s] INFO:colcon.colcon_core.shell:Creating prefix chain script '/home/megha/terrain_robot_ws/install/setup.sh'
[6.233s] INFO:colcon.colcon_core.shell:Creating prefix script '/home/megha/terrain_robot_ws/install/local_setup.bash'
[6.235s] INFO:colcon.colcon_core.shell:Creating prefix chain script '/home/megha/terrain_robot_ws/install/setup.bash'
[6.243s] INFO:colcon.colcon_core.shell:Creating prefix script '/home/megha/terrain_robot_ws/install/local_setup.zsh'
[6.246s] INFO:colcon.colcon_core.shell:Creating prefix chain script '/home/megha/terrain_robot_ws/install/setup.zsh'
