-- Install configuration: ""
-- Execute custom install script
-- Up-to-date symlink: /home/megha/terrain_robot_ws/install/terrain_aware_robot/share/terrain_aware_robot//urdf/robot.urdf.xacro
-- Up-to-date symlink: /home/megha/terrain_robot_ws/install/terrain_aware_robot/share/terrain_aware_robot//launch/terrain_robot_launch.py
-- Up-to-date symlink: /home/megha/terrain_robot_ws/install/terrain_aware_robot/share/terrain_aware_robot//worlds/terrain_world.sdf
-- Up-to-date symlink: /home/megha/terrain_robot_ws/install/terrain_aware_robot/lib/terrain_aware_robot/terrain_detector.py
-- Up-to-date symlink: /home/megha/terrain_robot_ws/install/terrain_aware_robot/share/ament_index/resource_index/package_run_dependencies/terrain_aware_robot
-- Up-to-date symlink: /home/megha/terrain_robot_ws/install/terrain_aware_robot/share/ament_index/resource_index/parent_prefix_path/terrain_aware_robot
-- Up-to-date symlink: /home/megha/terrain_robot_ws/install/terrain_aware_robot/share/terrain_aware_robot/environment/ament_prefix_path.sh
-- Up-to-date symlink: /home/megha/terrain_robot_ws/install/terrain_aware_robot/share/terrain_aware_robot/environment/ament_prefix_path.dsv
-- Up-to-date symlink: /home/megha/terrain_robot_ws/install/terrain_aware_robot/share/terrain_aware_robot/environment/path.sh
-- Up-to-date symlink: /home/megha/terrain_robot_ws/install/terrain_aware_robot/share/terrain_aware_robot/environment/path.dsv
-- Up-to-date symlink: /home/megha/terrain_robot_ws/install/terrain_aware_robot/share/terrain_aware_robot/local_setup.bash
-- Up-to-date symlink: /home/megha/terrain_robot_ws/install/terrain_aware_robot/share/terrain_aware_robot/local_setup.sh
-- Up-to-date symlink: /home/megha/terrain_robot_ws/install/terrain_aware_robot/share/terrain_aware_robot/local_setup.zsh
-- Up-to-date symlink: /home/megha/terrain_robot_ws/install/terrain_aware_robot/share/terrain_aware_robot/local_setup.dsv
-- Symlinking: /home/megha/terrain_robot_ws/install/terrain_aware_robot/share/terrain_aware_robot/package.dsv
-- Up-to-date symlink: /home/megha/terrain_robot_ws/install/terrain_aware_robot/share/ament_index/resource_index/packages/terrain_aware_robot
-- Up-to-date symlink: /home/megha/terrain_robot_ws/install/terrain_aware_robot/share/terrain_aware_robot/cmake/terrain_aware_robotConfig.cmake
-- Up-to-date symlink: /home/megha/terrain_robot_ws/install/terrain_aware_robot/share/terrain_aware_robot/cmake/terrain_aware_robotConfig-version.cmake
-- Up-to-date symlink: /home/megha/terrain_robot_ws/install/terrain_aware_robot/share/terrain_aware_robot/package.xml
